[demos.creative-tim.com/blk-design-system-pro/index.html]
[demos.creative-tim.com/blk-design-system-pro/assets/img/apple-icon.png]
[demos.creative-tim.com/blk-design-system-pro/assets/img/favicon.png]
[backblue.gif]
[fade.gif]
[index.html]
[raw.githubusercontent.com/creativetimofficial/public-assets/master/blk-design-system-pro/opt_blkp_thumbnail.jpg]
[use.fontawesome.com/releases/v5.0.6/css/all.css]
[demos.creative-tim.com/blk-design-system-pro/assets/css/nucleo-icons.css]
[demos.creative-tim.com/blk-design-system-pro/assets/css/blk-design-system-pro.mine209.css]
[demos.creative-tim.com/blk-design-system-pro/assets/demo/demo.css]
[demos.creative-tim.com/blk-design-system-pro/index-2.html]
[demos.creative-tim.com/blk-design-system-pro/presentation.html]
[demos.creative-tim.com/blk-design-system-pro/docs/1.0/getting-started/overview.html]
[demos.creative-tim.com/blk-design-system-pro/sections.html]
[demos.creative-tim.com/blk-design-system-pro/examples/about-us.html]
[demos.creative-tim.com/blk-design-system-pro/examples/blog-post.html]
[demos.creative-tim.com/blk-design-system-pro/examples/blog-posts.html]
[demos.creative-tim.com/blk-design-system-pro/examples/contact-us.html]
[demos.creative-tim.com/blk-design-system-pro/examples/landing-page.html]
[demos.creative-tim.com/blk-design-system-pro/examples/pricing.html]
[demos.creative-tim.com/blk-design-system-pro/examples/ecommerce.html]
[demos.creative-tim.com/blk-design-system-pro/examples/product-page.html]
[demos.creative-tim.com/blk-design-system-pro/examples/profile-page.html]
[demos.creative-tim.com/blk-design-system-pro/examples/error.html]
[demos.creative-tim.com/blk-design-system-pro/examples/500-error.html]
[demos.creative-tim.com/blk-design-system-pro/examples/account-settings.html]
[demos.creative-tim.com/blk-design-system-pro/examples/login-page.html]
[demos.creative-tim.com/blk-design-system-pro/examples/register-page.html]
[demos.creative-tim.com/blk-design-system-pro/examples/reset-page.html]
[demos.creative-tim.com/blk-design-system-pro/examples/invoice-page.html]
[demos.creative-tim.com/blk-design-system-pro/examples/checkout-page.html]
[demos.creative-tim.com/blk-design-system-pro/examples/chat-page.html]
[demos.creative-tim.com/blk-design-system-pro/assets/img/path1.png]
[demos.creative-tim.com/blk-design-system-pro/assets/img/path3.png]
[demos.creative-tim.com/blk-design-system-pro/assets/img/path4.png]
[demos.creative-tim.com/blk-design-system-pro/assets/img/path5.png]
[demos.creative-tim.com/blk-design-system-pro/assets/img/olivia.jpg]
[demos.creative-tim.com/blk-design-system-pro/assets/img/johana.jpg]
[demos.creative-tim.com/blk-design-system-pro/assets/img/michael.jpg]
[demos.creative-tim.com/blk-design-system-pro/assets/img/emily.jpg]
[demos.creative-tim.com/blk-design-system-pro/assets/img/marie.jpg]
[demos.creative-tim.com/blk-design-system-pro/assets/img/usher.jpg]
[demos.creative-tim.com/blk-design-system-pro/assets/img/mike.jpg]
[demos.creative-tim.com/blk-design-system-pro/assets/img/julie.jpg]
[demos.creative-tim.com/blk-design-system-pro/assets/img/christian.jpg]
[demos.creative-tim.com/blk-design-system-pro/assets/img/james.jpg]
[demos.creative-tim.com/blk-design-system-pro/assets/img/lora.jpg]
[demos.creative-tim.com/blk-design-system-pro/assets/img/jacket.png]
[demos.creative-tim.com/blk-design-system-pro/assets/img/t-shirt.png]
[demos.creative-tim.com/blk-design-system-pro/assets/img/gucci.png]
[demos.creative-tim.com/blk-design-system-pro/assets/img/placeholder.jpg]
[demos.creative-tim.com/blk-design-system-pro/assets/img/steven-roe.jpg]
[demos.creative-tim.com/blk-design-system-pro/assets/img/denys.jpg]
[demos.creative-tim.com/blk-design-system-pro/assets/img/ryan.jpg]
[demos.creative-tim.com/blk-design-system-pro/assets/img/mike-2.jpg]
[demos.creative-tim.com/blk-design-system-pro/assets/img/mark-harrison.jpg]
[demos.creative-tim.com/blk-design-system-pro/assets/img/noah-wetering.jpg]
[demos.creative-tim.com/blk-design-system-pro/assets/img/her.png]
[demos.creative-tim.com/blk-design-system-pro/assets/img/p10.jpg]
[demos.creative-tim.com/blk-design-system-pro/assets/img/sendra-martorell.jpg]
[demos.creative-tim.com/blk-design-system-pro/assets/img/ryan.png]
[demos.creative-tim.com/blk-design-system-pro/assets/img/kareya-saleh.jpg]
[demos.creative-tim.com/blk-design-system-pro/assets/img/marc-olivier-jodoin.jpg]
[demos.creative-tim.com/blk-design-system-pro/assets/img/matthew-henry.jpg]
[demos.creative-tim.com/blk-design-system-pro/assets/img/waranont.jpg]
[demos.creative-tim.com/blk-design-system-pro/assets/img/bitcoin.png]
[demos.creative-tim.com/blk-design-system-pro/assets/img/etherum.png]
[demos.creative-tim.com/blk-design-system-pro/assets/img/ripp.png]
[demos.creative-tim.com/blk-design-system-pro/assets/img/pawel-nolbert.jpg]
[demos.creative-tim.com/blk-design-system-pro/assets/img/max.jpg]
[demos.creative-tim.com/blk-design-system-pro/assets/img/serge-kutuzov.jpg]
[demos.creative-tim.com/blk-design-system-pro/pablo]
[demos.creative-tim.com/blk-design-system-pro/assets/img/image_placeholder.jpg]
[demos.creative-tim.com/blk-design-system-pro/docs/1.0/components/alerts.html]
[demos.creative-tim.com/blk-design-system-pro/assets/img/fabien-bazanegue.jpg]
[demos.creative-tim.com/blk-design-system-pro/assets/img/mark-finn.jpg]
[demos.creative-tim.com/blk-design-system-pro/docs/1.0/foundation/icons.html]
[demos.creative-tim.com/blk-design-system-pro/assets/img/github.svg]
[demos.creative-tim.com/blk-design-system-pro/assets/img/google.svg]
[demos.creative-tim.com/blk-design-system-pro/assets/img/pricing1.jpg]
[demos.creative-tim.com/blk-design-system-pro/assets/img/project9.jpg]
[demos.creative-tim.com/blk-design-system-pro/assets/img/square-purple-1.png]
[demos.creative-tim.com/blk-design-system-pro/assets/js/core/jquery.min.js]
[demos.creative-tim.com/blk-design-system-pro/assets/js/core/popper.min.js]
[demos.creative-tim.com/blk-design-system-pro/assets/js/core/bootstrap.min.js]
[demos.creative-tim.com/blk-design-system-pro/assets/js/plugins/perfect-scrollbar.jquery.min.js]
[demos.creative-tim.com/blk-design-system-pro/assets/js/plugins/bootstrap-switch.js]
[demos.creative-tim.com/blk-design-system-pro/assets/js/plugins/nouislider.min.js]
[demos.creative-tim.com/blk-design-system-pro/assets/js/plugins/slick.js]
[demos.creative-tim.com/blk-design-system-pro/assets/js/plugins/anime.min.js]
[demos.creative-tim.com/blk-design-system-pro/assets/js/plugins/chartjs.min.js]
[demos.creative-tim.com/blk-design-system-pro/assets/js/plugins/moment.min.js]
[demos.creative-tim.com/blk-design-system-pro/assets/js/plugins/bootstrap-tagsinput.js]
[demos.creative-tim.com/blk-design-system-pro/assets/js/plugins/bootstrap-selectpicker.js]
[demos.creative-tim.com/blk-design-system-pro/assets/js/plugins/bootstrap-datetimepicker.js]
[demos.creative-tim.com/blk-design-system-pro/assets/js/plugins/jasny-bootstrap.min.js]
[demos.creative-tim.com/blk-design-system-pro/assets/demo/demo.js]
[buttons.github.io/buttons.js]
[demos.creative-tim.com/blk-design-system-pro/assets/js/blk-design-system-pro.mine209.js]
[demos.creative-tim.com/blk-design-system-pro/assets/demo/jquery.sharrre.js]
[connect.facebook.net/en_US/fbevents.js]
[demos.creative-tim.com/blk-design-system-pro/index.html]
[use.fontawesome.com/releases/v5.0.6/css/all.css]
[cdn.trackjs.com/agent/v3/latest/t.js]
[demos.creative-tim.com/blk-design-system-pro/assets/fonts/nucleo.eot]
[demos.creative-tim.com/blk-design-system-pro/assets/fonts/nucleo.woff2]
[demos.creative-tim.com/blk-design-system-pro/assets/fonts/nucleo.woff]
[demos.creative-tim.com/blk-design-system-pro/assets/fonts/nucleo.ttf]
[demos.creative-tim.com/blk-design-system-pro/assets/fonts/nucleo.svg]
[demos.creative-tim.com/blk-design-system-pro/assets/css/nucleo-icons.css]
[demos.creative-tim.com/blk-design-system-pro/assets/img/dots.png]
[demos.creative-tim.com/blk-design-system-pro/assets/img/square1.png]
[demos.creative-tim.com/blk-design-system-pro/assets/img/square2.png]
[demos.creative-tim.com/blk-design-system-pro/assets/img/square3.png]
[demos.creative-tim.com/blk-design-system-pro/assets/img/square4.png]
[demos.creative-tim.com/blk-design-system-pro/assets/img/square5.png]
[demos.creative-tim.com/blk-design-system-pro/assets/css/blk-design-system-pro.mine209.css]
[demos.creative-tim.com/blk-design-system-pro/assets/demo/demo.css]
[www.googletagmanager.com/gtm5445.html]
[demos.creative-tim.com/blk-design-system-pro/index-2.html]
[d2v9y0dukr6mq2.cloudfront.net/video/thumbnail/J9H9WF0/night-sky-full-of-stars-fantasy-animation-made-of-magical-sparkly-light-particles-flickering-on-a-purple-blue-gradient-background_bajacpz7x_thumbnail-ful]
[demos.creative-tim.com/blk-design-system-pro/assets/img/blob.png]
[demos.creative-tim.com/blk-design-system-pro/assets/img/path2.png]
[demos.creative-tim.com/blk-design-system-pro/assets/img/triunghiuri.png]
[demos.creative-tim.com/blk-design-system-pro/assets/img/waves.png]
[demos.creative-tim.com/blk-design-system-pro/assets/img/patrat.png]
[demos.creative-tim.com/blk-design-system-pro/assets/img/cercuri.png]
[demos.creative-tim.com/blk-design-system-pro/assets/img/feature-blob/primary.png]
[demos.creative-tim.com/blk-design-system-pro/assets/img/feature-blob/warning.png]
[demos.creative-tim.com/blk-design-system-pro/assets/img/feature-blob/success.png]
[demos.creative-tim.com/blk-design-system-pro/assets/img/presentation-page/table.png]
[demos.creative-tim.com/blk-design-system-pro/assets/img/presentation-page/success-btn.png]
[demos.creative-tim.com/blk-design-system-pro/assets/img/presentation-page/card-btn.png]
[demos.creative-tim.com/blk-design-system-pro/assets/img/presentation-page/card-orange.png]
[demos.creative-tim.com/blk-design-system-pro/assets/img/presentation-page/dribbble-btn.png]
[demos.creative-tim.com/blk-design-system-pro/assets/img/elements-bg.png]
[demos.creative-tim.com/blk-design-system-pro/assets/img/randy-colas.jpg]
[demos.creative-tim.com/blk-design-system-pro/assets/img/tom-klein.jpg]
[demos.creative-tim.com/blk-design-system-pro/assets/img/presentation-page/content.png]
[demos.creative-tim.com/blk-design-system-pro/assets/img/presentation-page/content1.png]
[demos.creative-tim.com/blk-design-system-pro/assets/img/presentation-page/header1.png]
[demos.creative-tim.com/blk-design-system-pro/assets/img/presentation-page/header2.png]
[demos.creative-tim.com/blk-design-system-pro/assets/img/presentation-page/header3.png]
[demos.creative-tim.com/blk-design-system-pro/assets/img/presentation-page/header4.png]
[demos.creative-tim.com/blk-design-system-pro/assets/img/presentation-page/header5.png]
[demos.creative-tim.com/blk-design-system-pro/assets/img/presentation-page/header6.png]
[demos.creative-tim.com/blk-design-system-pro/assets/img/presentation-page/features1.png]
[demos.creative-tim.com/blk-design-system-pro/assets/img/presentation-page/features2.png]
[demos.creative-tim.com/blk-design-system-pro/assets/img/presentation-page/features3.png]
[demos.creative-tim.com/blk-design-system-pro/assets/img/presentation-page/features4.png]
[demos.creative-tim.com/blk-design-system-pro/assets/img/presentation-page/features5.png]
[demos.creative-tim.com/blk-design-system-pro/assets/img/presentation-page/features6.png]
[demos.creative-tim.com/blk-design-system-pro/assets/img/presentation-page/blogpost1.png]
[demos.creative-tim.com/blk-design-system-pro/assets/img/presentation-page/blogpost2.png]
[demos.creative-tim.com/blk-design-system-pro/assets/img/presentation-page/blogpost3.png]
[demos.creative-tim.com/blk-design-system-pro/assets/img/presentation-page/blogpost4.png]
[demos.creative-tim.com/blk-design-system-pro/assets/img/presentation-page/blogpost5.png]
[demos.creative-tim.com/blk-design-system-pro/assets/img/presentation-page/blogpost6.png]
[demos.creative-tim.com/blk-design-system-pro/assets/img/presentation-page/blogpost7.png]
[demos.creative-tim.com/blk-design-system-pro/assets/img/presentation-page/team1.png]
[demos.creative-tim.com/blk-design-system-pro/assets/img/presentation-page/team2.png]
[demos.creative-tim.com/blk-design-system-pro/assets/img/presentation-page/team3.png]
[demos.creative-tim.com/blk-design-system-pro/assets/img/presentation-page/team4.png]
[demos.creative-tim.com/blk-design-system-pro/assets/img/presentation-page/team5.png]
[demos.creative-tim.com/blk-design-system-pro/assets/img/presentation-page/projects1.png]
[demos.creative-tim.com/blk-design-system-pro/assets/img/presentation-page/projects2.png]
[demos.creative-tim.com/blk-design-system-pro/assets/img/presentation-page/projects3.png]
[demos.creative-tim.com/blk-design-system-pro/assets/img/presentation-page/projects4.png]
[demos.creative-tim.com/blk-design-system-pro/assets/img/presentation-page/pricing1.png]
[demos.creative-tim.com/blk-design-system-pro/assets/img/presentation-page/pricing2.png]
[demos.creative-tim.com/blk-design-system-pro/assets/img/presentation-page/pricing3.png]
[demos.creative-tim.com/blk-design-system-pro/assets/img/presentation-page/pricing4.png]
[demos.creative-tim.com/blk-design-system-pro/assets/img/presentation-page/pricing5.png]
[demos.creative-tim.com/blk-design-system-pro/assets/img/presentation-page/pricing6.png]
[demos.creative-tim.com/blk-design-system-pro/assets/img/presentation-page/testimonials1.png]
[demos.creative-tim.com/blk-design-system-pro/assets/img/presentation-page/testimonials2.png]
[demos.creative-tim.com/blk-design-system-pro/assets/img/presentation-page/testimonials3.png]
[demos.creative-tim.com/blk-design-system-pro/assets/img/presentation-page/testimonials4.png]
[demos.creative-tim.com/blk-design-system-pro/assets/img/presentation-page/contact1.png]
[demos.creative-tim.com/blk-design-system-pro/assets/img/presentation-page/contact2.png]
[demos.creative-tim.com/blk-design-system-pro/assets/img/presentation-page/contact3.png]
[demos.creative-tim.com/blk-design-system-pro/assets/img/presentation-page/contact4.png]
[demos.creative-tim.com/blk-design-system-pro/assets/img/presentation-page/table1.png]
[demos.creative-tim.com/blk-design-system-pro/assets/img/presentation-page/table2.png]
[demos.creative-tim.com/blk-design-system-pro/assets/img/presentation-page/accordion.png]
[demos.creative-tim.com/blk-design-system-pro/assets/img/presentation-page/pages/about-us.png]
[demos.creative-tim.com/blk-design-system-pro/assets/img/presentation-page/pages/landing.png]
[demos.creative-tim.com/blk-design-system-pro/assets/img/presentation-page/pages/login.png]
[demos.creative-tim.com/blk-design-system-pro/assets/img/presentation-page/pages/register.png]
[demos.creative-tim.com/blk-design-system-pro/assets/img/presentation-page/pages/500-error.png]
[demos.creative-tim.com/blk-design-system-pro/examples/404-error.html]
[demos.creative-tim.com/blk-design-system-pro/assets/img/presentation-page/pages/404-error.png]
[demos.creative-tim.com/blk-design-system-pro/assets/img/presentation-page/pages/invoice-page.png]
[demos.creative-tim.com/blk-design-system-pro/assets/img/presentation-page/pages/blog-post.png]
[demos.creative-tim.com/blk-design-system-pro/assets/img/presentation-page/pages/product.png]
[demos.creative-tim.com/blk-design-system-pro/assets/img/presentation-page/pages/profile.png]
[demos.creative-tim.com/blk-design-system-pro/assets/img/presentation-page/pages/account-settings.png]
[demos.creative-tim.com/blk-design-system-pro/assets/img/presentation-page/pages/reset-page.png]
[demos.creative-tim.com/blk-design-system-pro/assets/img/presentation-page/pages/checkout-page.png]
[demos.creative-tim.com/blk-design-system-pro/assets/img/presentation-page/pages/chat-page.png]
[demos.creative-tim.com/blk-design-system-pro/assets/img/presentation-page/pages/pricing.png]
[demos.creative-tim.com/blk-design-system-pro/assets/img/presentation-page/pages/ecommerce.png]
[demos.creative-tim.com/blk-design-system-pro/assets/img/presentation-page/pages/blog-posts.png]
[demos.creative-tim.com/blk-design-system-pro/assets/img/presentation-page/pages/contact.png]
[demos.creative-tim.com/blk-design-system-pro/nucleo-icons.html]
[demos.creative-tim.com/blk-design-system-pro/assets/img/ipad3.png]
[s3.amazonaws.com/creativetim_bucket/photos/154001/thumb065e.jpg]
[s3.amazonaws.com/uifaces/faces/twitter/chadengle/128.jpg]
[raw.githubusercontent.com/creativetimofficial/public-assets/master/logos/stanford-white.png]
[raw.githubusercontent.com/creativetimofficial/public-assets/master/logos/mit-white.png]
[demos.creative-tim.com/blk-design-system-pro/presentation.html]
[raw.githubusercontent.com/creativetimofficial/public-assets/master/logos/harvard-white.png]
[cdn.jsdelivr.net/docsearch.js/2/docsearch.min.css]
[demos.creative-tim.com/blk-design-system-pro/assets/demo/docs.min.css]
[demos.creative-tim.com/blk-design-system-pro/docs/1.0/getting-started/introduction.html]
[demos.creative-tim.com/blk-design-system-pro/docs/1.0/getting-started/file-structure.html]
[demos.creative-tim.com/blk-design-system-pro/docs/1.0/getting-started/license.html]
[demos.creative-tim.com/blk-design-system-pro/docs/1.0/getting-started/build-tools.html]
[demos.creative-tim.com/blk-design-system-pro/docs/1.0/foundation/colors.html]
[demos.creative-tim.com/blk-design-system-pro/docs/1.0/foundation/grid.html]
[demos.creative-tim.com/blk-design-system-pro/docs/1.0/foundation/typography.html]
[demos.creative-tim.com/blk-design-system-pro/docs/1.0/components/badge.html]
[demos.creative-tim.com/blk-design-system-pro/docs/1.0/components/breadcrumb.html]
[demos.creative-tim.com/blk-design-system-pro/docs/1.0/components/buttons.html]
[demos.creative-tim.com/blk-design-system-pro/docs/1.0/components/card.html]
[demos.creative-tim.com/blk-design-system-pro/docs/1.0/components/carousel.html]
[demos.creative-tim.com/blk-design-system-pro/docs/1.0/components/collapse.html]
[demos.creative-tim.com/blk-design-system-pro/docs/1.0/components/dropdowns.html]
[demos.creative-tim.com/blk-design-system-pro/docs/1.0/components/forms.html]
[demos.creative-tim.com/blk-design-system-pro/docs/1.0/components/google-maps.html]
[demos.creative-tim.com/blk-design-system-pro/docs/1.0/components/images.html]
[demos.creative-tim.com/blk-design-system-pro/docs/1.0/components/info-areas.html]
[demos.creative-tim.com/blk-design-system-pro/docs/1.0/components/modal.html]
[demos.creative-tim.com/blk-design-system-pro/docs/1.0/components/navs.html]
[demos.creative-tim.com/blk-design-system-pro/docs/1.0/components/navbar.html]
[demos.creative-tim.com/blk-design-system-pro/docs/1.0/components/nucleo-icons.html]
[demos.creative-tim.com/blk-design-system-pro/docs/1.0/components/pagination.html]
[demos.creative-tim.com/blk-design-system-pro/docs/1.0/components/parallax.html]
[demos.creative-tim.com/blk-design-system-pro/docs/1.0/components/popovers.html]
[demos.creative-tim.com/blk-design-system-pro/docs/1.0/components/progress.html]
[demos.creative-tim.com/blk-design-system-pro/docs/1.0/components/tables.html]
[demos.creative-tim.com/blk-design-system-pro/docs/1.0/components/tooltips.html]
[demos.creative-tim.com/blk-design-system-pro/docs/1.0/plugins/perfect-scrollbar.html]
[demos.creative-tim.com/blk-design-system-pro/docs/1.0/plugins/bootstrap-switch.html]
[demos.creative-tim.com/blk-design-system-pro/docs/1.0/plugins/datetimepicker.html]
[demos.creative-tim.com/blk-design-system-pro/docs/1.0/plugins/select-bootstrap.html]
[demos.creative-tim.com/blk-design-system-pro/docs/1.0/plugins/fileupload-jasny.html]
[demos.creative-tim.com/blk-design-system-pro/docs/1.0/plugins/chart-js.html]
[demos.creative-tim.com/blk-design-system-pro/docs/1.0/plugins/jquery-tagsinput.html]
[demos.creative-tim.com/blk-design-system-pro/docs/1.0/plugins/sliders.html]
[demos.creative-tim.com/blk-design-system-pro/docs/1.0/plugins/slick-carousel.html]
[demos.creative-tim.com/blk-design-system-pro/assets/demo/docs.min.js]
[demos.creative-tim.com/blk-design-system-pro/assets/demo/vendor/anchor.min.js]
[demos.creative-tim.com/blk-design-system-pro/assets/demo/vendor/clipboard.min.js]
[demos.creative-tim.com/blk-design-system-pro/assets/demo/vendor/holder.min.js]
[demos.creative-tim.com/blk-design-system-pro/assets/demo/src/application.js]
[demos.creative-tim.com/blk-design-system-pro/docs/1.0/getting-started/overview.html]
[demos.creative-tim.com/blk-design-system-pro/assets/img/andre-benz.jpg]
[s3.amazonaws.com/creativetim_bucket/github/gif/black-dashboard.gif]
[demos.creative-tim.com/blk-design-system-pro/assets/img/matt-palmer.jpg]
[demos.creative-tim.com/blk-design-system-pro/assets/img/rezaul-karim.jpg]
[demos.creative-tim.com/blk-design-system-pro/assets/img/creative-tim-white-slim2.png]
[demos.creative-tim.com/blk-design-system-pro/assets/img/iphone2.png]
[demos.creative-tim.com/blk-design-system-pro/assets/img/shape-s.png]
[demos.creative-tim.com/blk-design-system-pro/assets/img/img_352.png]
[demos.creative-tim.com/blk-design-system-pro/assets/img/feature-blob/danger.png]
[demos.creative-tim.com/blk-design-system-pro/assets/img/feature-blob/info.png]
[demos.creative-tim.com/blk-design-system-pro/assets/img/joshua-adam-nolette.jpg]
[demos.creative-tim.com/blk-design-system-pro/assets/img/trae-gould.jpg]
[demos.creative-tim.com/blk-design-system-pro/assets/img/viktor-forgacs.jpg]
[demos.creative-tim.com/blk-design-system-pro/assets/img/ben-konfrst.jpg]
[demos.creative-tim.com/blk-design-system-pro/assets/img/charlie.jpg]
[demos.creative-tim.com/blk-design-system-pro/assets/img/lucy.jpg]
[demos.creative-tim.com/blk-design-system-pro/assets/img/willy-dade.jpg]
[demos.creative-tim.com/blk-design-system-pro/assets/img/comete-coco.jpg]
[demos.creative-tim.com/blk-design-system-pro/assets/img/ruvim-noga.jpg]
[demos.creative-tim.com/blk-design-system-pro/assets/img/slack.png]
[demos.creative-tim.com/blk-design-system-pro/assets/img/spotify.jpg]
[demos.creative-tim.com/blk-design-system-pro/assets/img/dribbble.png]
[demos.creative-tim.com/blk-design-system-pro/assets/img/Tim.png]
[demos.creative-tim.com/blk-design-system-pro/assets/img/dropbox.png]
[demos.creative-tim.com/blk-design-system-pro/assets/img/unass.jpg]
[s3.amazonaws.com/creativetim_bucket/products/38/original/opt_mk_thumbnail0f56.jpg]
[s3.amazonaws.com/creativetim_bucket/products/93/original/opt_bd_thumbnail6a99.jpg]
[s3.amazonaws.com/creativetim_bucket/products/137/original/opt_adp_thumbnail6a49.jpg]
[demos.creative-tim.com/blk-design-system-pro/assets/img/card-blog2.jpg]
[demos.creative-tim.com/blk-design-system-pro/assets/img/chester-wade.jpg]
[demos.creative-tim.com/blk-design-system-pro/assets/img/bg8.jpg]
[demos.creative-tim.com/blk-design-system-pro/assets/img/bg7.jpg]
[demos.creative-tim.com/blk-design-system-pro/assets/img/bg4.jpg]
[demos.creative-tim.com/blk-design-system-pro/assets/img/light.jpg]
[demos.creative-tim.com/blk-design-system-pro/assets/img/bg31.jpg]
[demos.creative-tim.com/blk-design-system-pro/assets/img/contact1.jpg]
[demos.creative-tim.com/blk-design-system-pro/assets/img/bg4.png]
[demos.creative-tim.com/blk-design-system-pro/assets/img/man-up.png]
[demos.creative-tim.com/blk-design-system-pro/assets/img/girl-up.png]
[demos.creative-tim.com/blk-design-system-pro/sections.html]
[demos.creative-tim.com/cdn-cgi/scripts/5c5dd728/cloudflare-static/email-decode.min.js]
[demos.creative-tim.com/blk-design-system-pro/assets/img/painter.png]
[demos.creative-tim.com/blk-design-system-pro/examples/about-us.html]
[demos.creative-tim.com/blk-design-system-pro/assets/img/claudia-ramirez.jpg]
[demos.creative-tim.com/blk-design-system-pro/examples/blog-post.html]
[demos.creative-tim.com/blk-design-system-pro/assets/img/1234.png]
[demos.creative-tim.com/blk-design-system-pro/examples/blog-posts.html]
[demos.creative-tim.com/blk-design-system-pro/examples/contact-us.html]
[demos.creative-tim.com/blk-design-system-pro/examples/landing-page.html]
[demos.creative-tim.com/blk-design-system-pro/assets/img/lucas-benjamin.jpg]
[demos.creative-tim.com/blk-design-system-pro/examples/pricing.html]
[demos.creative-tim.com/blk-design-system-pro/assets/img/shop.jpg]
[demos.creative-tim.com/blk-design-system-pro/assets/img/tshirt.png]
[demos.creative-tim.com/blk-design-system-pro/assets/img/bag.png]
[demos.creative-tim.com/blk-design-system-pro/assets/img/shirt.png]
[demos.creative-tim.com/blk-design-system-pro/assets/img/jeans.png]
[demos.creative-tim.com/blk-design-system-pro/assets/img/leather-shoes.jpg]
[demos.creative-tim.com/blk-design-system-pro/assets/img/tshirts.jpg]
[demos.creative-tim.com/blk-design-system-pro/assets/img/accesories.jpg]
[demos.creative-tim.com/blk-design-system-pro/assets/img/winter.jpg]
[demos.creative-tim.com/blk-design-system-pro/assets/img/hat.png]
[demos.creative-tim.com/blk-design-system-pro/assets/img/shorts.png]
[demos.creative-tim.com/blk-design-system-pro/assets/img/bracelet.png]
[demos.creative-tim.com/blk-design-system-pro/assets/img/bullet.png]
[demos.creative-tim.com/blk-design-system-pro/examples/ecommerce.html]
[demos.creative-tim.com/blk-design-system-pro/examples/product-page.html]
[demos.creative-tim.com/blk-design-system-pro/examples/profile-page.html]
[demos.creative-tim.com/blk-design-system-pro/assets/img/braden-collum.jpg]
[demos.creative-tim.com/blk-design-system-pro/examples/error.html]
[demos.creative-tim.com/blk-design-system-pro/examples/500-error.html]
[demos.creative-tim.com/blk-design-system-pro/assets/img/visas.png]
[demos.creative-tim.com/blk-design-system-pro/assets/img/mastercard.png]
[demos.creative-tim.com/blk-design-system-pro/examples/account-settings.html]
[demos.creative-tim.com/blk-design-system-pro/examples/login-page.html]
[demos.creative-tim.com/blk-design-system-pro/examples/register-page.html]
[demos.creative-tim.com/blk-design-system-pro/assets/img/shape.png]
[demos.creative-tim.com/blk-design-system-pro/examples/reset-page.html]
[demos.creative-tim.com/blk-design-system-pro/examples/invoice-page.html]
[demos.creative-tim.com/blk-design-system-pro/examples/checkout-page.html]
[demos.creative-tim.com/blk-design-system-pro/assets/img/luke.jpg]
[demos.creative-tim.com/blk-design-system-pro/examples/chat-page.html]
[demos.creative-tim.com/blk-design-system-pro/pablo.html]
[demos.creative-tim.com/blk-design-system-pro/docs/1.0/components/alerts.html]
[demos.creative-tim.com/blk-design-system-pro/docs/1.0/foundation/icons.html]
[demos.creative-tim.com/blk-design-system-pro/assets/img/github.svg]
[demos.creative-tim.com/blk-design-system-pro/assets/img/google.svg]
[demos.creative-tim.com/blk-design-system-pro/POST]
[connect.facebook.net/en_US/fbevents.js]
[demos.creative-tim.com/blk-design-system-pro/assets/fonts/nucleo.html]
[demos.creative-tim.com/blk-design-system-pro/examples/404-error.html]
[demos.creative-tim.com/blk-design-system-pro/nucleo-icons.html]
[cdn.jsdelivr.net/docsearch.js/2/docsearch.min.css]
[demos.creative-tim.com/blk-design-system-pro/assets/demo/docs.min.css]
[demos.creative-tim.com/blk-design-system-pro/docs/1.0/getting-started/introduction.html]
[demos.creative-tim.com/blk-design-system-pro/docs/1.0/getting-started/file-structure.html]
[demos.creative-tim.com/blk-design-system-pro/docs/1.0/getting-started/license.html]
[demos.creative-tim.com/blk-design-system-pro/docs/1.0/getting-started/build-tools.html]
[demos.creative-tim.com/blk-design-system-pro/docs/1.0/foundation/colors.html]
[demos.creative-tim.com/blk-design-system-pro/docs/1.0/foundation/grid.html]
[demos.creative-tim.com/blk-design-system-pro/docs/1.0/foundation/typography.html]
[demos.creative-tim.com/blk-design-system-pro/docs/1.0/components/badge.html]
[demos.creative-tim.com/blk-design-system-pro/docs/1.0/components/breadcrumb.html]
[demos.creative-tim.com/blk-design-system-pro/docs/1.0/components/buttons.html]
[demos.creative-tim.com/blk-design-system-pro/docs/1.0/components/card.html]
[demos.creative-tim.com/blk-design-system-pro/docs/1.0/components/carousel.html]
[demos.creative-tim.com/blk-design-system-pro/docs/1.0/components/collapse.html]
[demos.creative-tim.com/blk-design-system-pro/docs/1.0/components/dropdowns.html]
[demos.creative-tim.com/blk-design-system-pro/docs/1.0/components/forms.html]
[demos.creative-tim.com/blk-design-system-pro/assets/img/map.png]
[demos.creative-tim.com/blk-design-system-pro/docs/1.0/components/google-maps.html]
[demos.creative-tim.com/blk-design-system-pro/docs/1.0/components/images.html]
[demos.creative-tim.com/blk-design-system-pro/docs/1.0/components/info-areas.html]
[demos.creative-tim.com/assets/img/square-purple-1.png]
[demos.creative-tim.com/blk-design-system-pro/docs/1.0/components/modal.html]
[demos.creative-tim.com/blk-design-system-pro/docs/1.0/components/navs.html]
[demos.creative-tim.com/blk-design-system-pro/docs/1.0/components/navbar.html]
[demos.creative-tim.com/blk-design-system-pro/docs/1.0/components/nucleo-icons.html]
[demos.creative-tim.com/blk-design-system-pro/docs/1.0/components/pagination.html]
[demos.creative-tim.com/blk-design-system-pro/docs/1.0/components/parallax.html]
[demos.creative-tim.com/blk-design-system-pro/docs/1.0/components/popovers.html]
[demos.creative-tim.com/blk-design-system-pro/docs/1.0/components/progress.html]
[demos.creative-tim.com/blk-design-system-pro/docs/1.0/components/tables.html]
[demos.creative-tim.com/blk-design-system-pro/docs/1.0/components/tooltips.html]
[demos.creative-tim.com/blk-design-system-pro/docs/1.0/plugins/perfect-scrollbar.html]
[demos.creative-tim.com/blk-design-system-pro/docs/1.0/plugins/bootstrap-switch.html]
[demos.creative-tim.com/blk-design-system-pro/docs/1.0/plugins/datetimepicker.html]
[demos.creative-tim.com/blk-design-system-pro/docs/1.0/plugins/select-bootstrap.html]
[demos.creative-tim.com/assets/img/image_placeholder.jpg]
[demos.creative-tim.com/assets/img/placeholder.jpg]
[demos.creative-tim.com/blk-design-system-pro/docs/1.0/plugins/fileupload-jasny.html]
[demos.creative-tim.com/blk-design-system-pro/docs/1.0/plugins/chart-js.html]
[demos.creative-tim.com/blk-design-system-pro/docs/1.0/plugins/jquery-tagsinput.html]
[demos.creative-tim.com/blk-design-system-pro/docs/1.0/plugins/sliders.html]
[demos.creative-tim.com/assets/img/mark-harrison.jpg]
[demos.creative-tim.com/assets/img/steven-roe.jpg]
[demos.creative-tim.com/assets/img/rezaul-karim.jpg]
[demos.creative-tim.com/assets/img/pawel-nolbert.jpg]
[demos.creative-tim.com/assets/img/serge-kutuzov.jpg]
[demos.creative-tim.com/blk-design-system-pro/docs/1.0/plugins/slick-carousel.html]
[www.solodev.com/assets/carousel/image1.html]
[www.solodev.com/assets/carousel/image2.html]
[www.solodev.com/assets/carousel/image3.html]
[www.solodev.com/assets/carousel/image4.html]
[www.solodev.com/assets/carousel/image5.html]
[www.solodev.com/assets/carousel/image6.html]
[www.solodev.com/assets/carousel/image7.html]
[www.solodev.com/assets/carousel/image8.html]
[demos.creative-tim.com/blk-design-system-pro/POST.html]
[demos.creative-tim.com/assets/img/square-purple-1.html]
[demos.creative-tim.com/assets/img/image_placeholder.html]
[demos.creative-tim.com/assets/img/placeholder.html]
[demos.creative-tim.com/assets/img/mark-harrison.html]
[demos.creative-tim.com/assets/img/steven-roe.html]
[demos.creative-tim.com/assets/img/rezaul-karim.html]
[demos.creative-tim.com/assets/img/pawel-nolbert.html]
[demos.creative-tim.com/assets/img/serge-kutuzov.html]
